Archive member included to satisfy reference by file (symbol)

e:/programs/issm/issm_2016.2.094/tools/compiler/gcc-ia/5.2.1/bin/../lib/gcc/i586-intel-elfiamcu/5.2.1/../../../../i586-intel-elfiamcu/lib\libc.a(lib_a-errno.o)
                              ./debug/quark_d2000/x86/obj/./newlib-syscalls.o (__errno)
e:/programs/issm/issm_2016.2.094/tools/compiler/gcc-ia/5.2.1/bin/../lib/gcc/i586-intel-elfiamcu/5.2.1/../../../../i586-intel-elfiamcu/lib\libc.a(lib_a-impure.o)
                              e:/programs/issm/issm_2016.2.094/tools/compiler/gcc-ia/5.2.1/bin/../lib/gcc/i586-intel-elfiamcu/5.2.1/../../../../i586-intel-elfiamcu/lib\libc.a(lib_a-errno.o) (_impure_ptr)
e:/programs/issm/issm_2016.2.094/tools/compiler/gcc-ia/5.2.1/bin/../lib/gcc/i586-intel-elfiamcu/5.2.1/../../../../i586-intel-elfiamcu/lib\libc.a(lib_a-malloc.o)
                              ./debug/quark_d2000/x86/obj/./main.o (malloc)
e:/programs/issm/issm_2016.2.094/tools/compiler/gcc-ia/5.2.1/bin/../lib/gcc/i586-intel-elfiamcu/5.2.1/../../../../i586-intel-elfiamcu/lib\libc.a(lib_a-memcpy.o)
                              ./debug/quark_d2000/x86/obj/./app_entry.o (memcpy)
e:/programs/issm/issm_2016.2.094/tools/compiler/gcc-ia/5.2.1/bin/../lib/gcc/i586-intel-elfiamcu/5.2.1/../../../../i586-intel-elfiamcu/lib\libc.a(lib_a-memset.o)
                              ./debug/quark_d2000/x86/obj/./main.o (memset)
e:/programs/issm/issm_2016.2.094/tools/compiler/gcc-ia/5.2.1/bin/../lib/gcc/i586-intel-elfiamcu/5.2.1/../../../../i586-intel-elfiamcu/lib\libc.a(lib_a-nano-freer.o)
                              e:/programs/issm/issm_2016.2.094/tools/compiler/gcc-ia/5.2.1/bin/../lib/gcc/i586-intel-elfiamcu/5.2.1/../../../../i586-intel-elfiamcu/lib\libc.a(lib_a-malloc.o) (_free_r)
e:/programs/issm/issm_2016.2.094/tools/compiler/gcc-ia/5.2.1/bin/../lib/gcc/i586-intel-elfiamcu/5.2.1/../../../../i586-intel-elfiamcu/lib\libc.a(lib_a-nano-mallocr.o)
                              e:/programs/issm/issm_2016.2.094/tools/compiler/gcc-ia/5.2.1/bin/../lib/gcc/i586-intel-elfiamcu/5.2.1/../../../../i586-intel-elfiamcu/lib\libc.a(lib_a-malloc.o) (_malloc_r)
e:/programs/issm/issm_2016.2.094/tools/compiler/gcc-ia/5.2.1/bin/../lib/gcc/i586-intel-elfiamcu/5.2.1/../../../../i586-intel-elfiamcu/lib\libc.a(lib_a-printf.o)
                              ./debug/quark_d2000/x86/obj/./rn2483.o (printf)
e:/programs/issm/issm_2016.2.094/tools/compiler/gcc-ia/5.2.1/bin/../lib/gcc/i586-intel-elfiamcu/5.2.1/../../../../i586-intel-elfiamcu/lib\libc.a(lib_a-sprintf.o)
                              ./debug/quark_d2000/x86/obj/./rn2483.o (sprintf)
e:/programs/issm/issm_2016.2.094/tools/compiler/gcc-ia/5.2.1/bin/../lib/gcc/i586-intel-elfiamcu/5.2.1/../../../../i586-intel-elfiamcu/lib\libc.a(lib_a-strcat.o)
                              ./debug/quark_d2000/x86/obj/./sensors.o (strcat)
e:/programs/issm/issm_2016.2.094/tools/compiler/gcc-ia/5.2.1/bin/../lib/gcc/i586-intel-elfiamcu/5.2.1/../../../../i586-intel-elfiamcu/lib\libc.a(lib_a-strlen.o)
                              ./debug/quark_d2000/x86/obj/./main.o (strlen)
e:/programs/issm/issm_2016.2.094/tools/compiler/gcc-ia/5.2.1/bin/../lib/gcc/i586-intel-elfiamcu/5.2.1/../../../../i586-intel-elfiamcu/lib\libc.a(lib_a-nano-svfprintf.o)
                              e:/programs/issm/issm_2016.2.094/tools/compiler/gcc-ia/5.2.1/bin/../lib/gcc/i586-intel-elfiamcu/5.2.1/../../../../i586-intel-elfiamcu/lib\libc.a(lib_a-sprintf.o) (_svfprintf_r)
e:/programs/issm/issm_2016.2.094/tools/compiler/gcc-ia/5.2.1/bin/../lib/gcc/i586-intel-elfiamcu/5.2.1/../../../../i586-intel-elfiamcu/lib\libc.a(lib_a-nano-vfprintf_i.o)
                              e:/programs/issm/issm_2016.2.094/tools/compiler/gcc-ia/5.2.1/bin/../lib/gcc/i586-intel-elfiamcu/5.2.1/../../../../i586-intel-elfiamcu/lib\libc.a(lib_a-nano-svfprintf.o) (_printf_i)
e:/programs/issm/issm_2016.2.094/tools/compiler/gcc-ia/5.2.1/bin/../lib/gcc/i586-intel-elfiamcu/5.2.1/../../../../i586-intel-elfiamcu/lib\libc.a(lib_a-nano-vfprintf.o)
                              e:/programs/issm/issm_2016.2.094/tools/compiler/gcc-ia/5.2.1/bin/../lib/gcc/i586-intel-elfiamcu/5.2.1/../../../../i586-intel-elfiamcu/lib\libc.a(lib_a-printf.o) (_vfprintf_r)
e:/programs/issm/issm_2016.2.094/tools/compiler/gcc-ia/5.2.1/bin/../lib/gcc/i586-intel-elfiamcu/5.2.1/../../../../i586-intel-elfiamcu/lib\libc.a(lib_a-wbuf.o)
                              e:/programs/issm/issm_2016.2.094/tools/compiler/gcc-ia/5.2.1/bin/../lib/gcc/i586-intel-elfiamcu/5.2.1/../../../../i586-intel-elfiamcu/lib\libc.a(lib_a-nano-vfprintf.o) (__swbuf_r)
e:/programs/issm/issm_2016.2.094/tools/compiler/gcc-ia/5.2.1/bin/../lib/gcc/i586-intel-elfiamcu/5.2.1/../../../../i586-intel-elfiamcu/lib\libc.a(lib_a-wsetup.o)
                              e:/programs/issm/issm_2016.2.094/tools/compiler/gcc-ia/5.2.1/bin/../lib/gcc/i586-intel-elfiamcu/5.2.1/../../../../i586-intel-elfiamcu/lib\libc.a(lib_a-nano-vfprintf.o) (__swsetup_r)
[...]
Memory Configuration

Name             Origin             Length             Attributes
flash            0x00180000         0x00008000         r
data             0x00200000         0x00001000         rw
esram            0x00280000         0x00001a60         rw
stack            0x00281a60         0x000003e0         rw
esram_idt        0x00281e40         0x000001a0         rw
esram_gdt        0x00281fe0         0x00000020         rw
*default*        0x00000000         0xffffffff

Linker script and memory map

                0x00281e40                __idt_start = ORIGIN (esram_idt)
                0x00281fe0                __idt_end = (__idt_start + LENGTH (esram_idt))
                0x00281e40                __stack_start = (ORIGIN (stack) + LENGTH (stack))
                0x00281fe0                __gdt_start = ORIGIN (esram_gdt)
                0x00282000                __gdt_end = (__gdt_start + LENGTH (esram_gdt))

.text           0x00180000     0x284a
 *(.text.entry)
 .text.entry    0x00180000       0x41 ./debug/quark_d2000/x86/obj/./app_entry.o
                0x00180000                _start
 *(.text)
 .text          0x00180041      0x103 e:/programs/issm/issm_2016.2.094/tools/compiler/gcc-ia/5.2.1/bin/../lib/gcc/i586-intel-elfiamcu/5.2.1/../../../../i586-intel-elfiamcu/lib\libsoftfp.a(mulsf3.o)
                0x00180041                __mulsf3
 .text          0x00180144       0xe5 e:/programs/issm/issm_2016.2.094/tools/compiler/gcc-ia/5.2.1/bin/../lib/gcc/i586-intel-elfiamcu/5.2.1/../../../../i586-intel-elfiamcu/lib\libsoftfp.a(divsf3.o)
                0x00180144                __divsf3
 .text          0x00180229      0x19e e:/programs/issm/issm_2016.2.094/tools/compiler/gcc-ia/5.2.1/bin/../lib/gcc/i586-intel-elfiamcu/5.2.1/../../../../i586-intel-elfiamcu/lib\libsoftfp.a(muldf3.o)
                0x00180229                __muldf3
 .text          0x001803c7       0x51 e:/programs/issm/issm_2016.2.094/tools/compiler/gcc-ia/5.2.1/bin/../lib/gcc/i586-intel-elfiamcu/5.2.1/../../../../i586-intel-elfiamcu/lib\libsoftfp.a(fixsfsi.o)
                0x001803c7                __fixsfsi
 .text          0x00180418       0x46 e:/programs/issm/issm_2016.2.094/tools/compiler/gcc-ia/5.2.1/bin/../lib/gcc/i586-intel-elfiamcu/5.2.1/../../../../i586-intel-elfiamcu/lib\libsoftfp.a(floatunsisf.o)
                0x00180418                __floatunsisf
 .text          0x0018045e       0x4a e:/programs/issm/issm_2016.2.094/tools/compiler/gcc-ia/5.2.1/bin/../lib/gcc/i586-intel-elfiamcu/5.2.1/../../../../i586-intel-elfiamcu/lib\libsoftfp.a(extendsfdf2.o)
                0x0018045e                __extendsfdf2
 .text          0x001804a8       0x8f e:/programs/issm/issm_2016.2.094/tools/compiler/gcc-ia/5.2.1/bin/../lib/gcc/i586-intel-elfiamcu/5.2.1/../../../../i586-intel-elfiamcu/lib\libsoftfp.a(truncdfsf2.o)
                0x001804a8                __truncdfsf2
 *(.text.last)
 *(.text.*)
 .text.init     0x00180537       0x39 ./debug/quark_d2000/x86/obj/./main.o
                0x00180537                init
 .text.main     0x00180570       0x79 ./debug/quark_d2000/x86/obj/./main.o
                0x00180570                main
 .text.init_pmux
                0x001805e9       0x42 ./debug/quark_d2000/x86/obj/./quark_uart.o
 .text.init_clk
                0x0018062b        0x6 ./debug/quark_d2000/x86/obj/./quark_uart.o
 .text.init_cfg
                0x00180631       0x31 ./debug/quark_d2000/x86/obj/./quark_uart.o
 .text.QUARK_UART_init
                0x00180662       0x19 ./debug/quark_d2000/x86/obj/./quark_uart.o
                0x00180662                QUARK_UART_init
 .text.init_mac
                0x0018067b       0x5a ./debug/quark_d2000/x86/obj/./rn2483.o
 .text.get_hex_string
                0x001806d5       0x7a ./debug/quark_d2000/x86/obj/./rn2483.o
 .text.RN2483_init
                0x0018074f       0x25 ./debug/quark_d2000/x86/obj/./rn2483.o
                0x0018074f                RN2483_init
 .text.RN2483_write
                0x00180774       0x2a ./debug/quark_d2000/x86/obj/./rn2483.o
                0x00180774                RN2483_write
 .text.RN2483_join
                0x0018079e       0x1e ./debug/quark_d2000/x86/obj/./rn2483.o
                0x0018079e                RN2483_join
 .text.RN2483_tx
                0x001807bc       0x88 ./debug/quark_d2000/x86/obj/./rn2483.o
                0x001807bc                RN2483_tx
 .text.analog_to_distance
                0x00180844       0x7f ./debug/quark_d2000/x86/obj/./sensors.o
 .text.get_mode
                0x001808c3       0x92 ./debug/quark_d2000/x86/obj/./sensors.o
 .text.get_mean
                0x00180955       0x57 ./debug/quark_d2000/x86/obj/./sensors.o
 .text.SENSORS_init
                0x001809ac      0x136 ./debug/quark_d2000/x86/obj/./sensors.o
                0x001809ac                SENSORS_init
 .text.SENSORS_read
                0x00180ae2      0x125 ./debug/quark_d2000/x86/obj/./sensors.o
                0x00180ae2                SENSORS_read
 .text.stdout_uart_setup
                0x00180c07       0x46 ./debug/quark_d2000/x86/obj/./newlib-syscalls.o
                0x00180c07                stdout_uart_setup
 .text.close    0x00180c4d       0x1b ./debug/quark_d2000/x86/obj/./newlib-syscalls.o
                0x00180c4d                close
 .text.isatty   0x00180c68       0x1b ./debug/quark_d2000/x86/obj/./newlib-syscalls.o
                0x00180c68                isatty
 .text.read     0x00180c83       0x21 ./debug/quark_d2000/x86/obj/./newlib-syscalls.o
                0x00180c83                read
 .text.write    0x00180ca4       0x5d ./debug/quark_d2000/x86/obj/./newlib-syscalls.o
                0x00180ca4                write
 .text.lseek    0x00180d01       0x21 ./debug/quark_d2000/x86/obj/./newlib-syscalls.o
                0x00180d01                lseek
 .text.fstat    0x00180d22       0x3b ./debug/quark_d2000/x86/obj/./newlib-syscalls.o
                0x00180d22                fstat
 .text.sbrk     0x00180d5d       0x5c ./debug/quark_d2000/x86/obj/./newlib-syscalls.o
                0x00180d5d                sbrk
 .text.clk_adc_set_div
                0x00180db9       0x4c ./bsp/soc/quark_d2000/debug/quark_d2000/x86/obj/clk.o
                0x00180db9                clk_adc_set_div
 .text.clk_periph_enable
                0x00180e05       0x33 ./bsp/soc/quark_d2000/debug/quark_d2000/x86/obj/clk.o
                0x00180e05                clk_periph_enable
 .text.clk_sys_udelay
                0x00180e38       0x42 ./bsp/soc/quark_d2000/debug/quark_d2000/x86/obj/clk.o
                0x00180e38                clk_sys_udelay
 .text.__errno  0x00180e7a        0x6 e:/programs/issm/issm_2016.2.094/tools/compiler/gcc-ia/5.2.1/bin/../lib/gcc/i586-intel-elfiamcu/5.2.1/../../../../i586-intel-elfiamcu/lib\libc.a(lib_a-errno.o)
                0x00180e7a                __errno
 .text.malloc   0x00180e80        0xc e:/programs/issm/issm_2016.2.094/tools/compiler/gcc-ia/5.2.1/bin/../lib/gcc/i586-intel-elfiamcu/5.2.1/../../../../i586-intel-elfiamcu/lib\libc.a(lib_a-malloc.o)
                0x00180e80                malloc
 .text.free     0x00180e8c        0xc e:/programs/issm/issm_2016.2.094/tools/compiler/gcc-ia/5.2.1/bin/../lib/gcc/i586-intel-elfiamcu/5.2.1/../../../../i586-intel-elfiamcu/lib\libc.a(lib_a-malloc.o)
                0x00180e8c                free
 .text.memcpy   0x00180e98        0xb e:/programs/issm/issm_2016.2.094/tools/compiler/gcc-ia/5.2.1/bin/../lib/gcc/i586-intel-elfiamcu/5.2.1/../../../../i586-intel-elfiamcu/lib\libc.a(lib_a-memcpy.o)
                0x00180e98                memcpy
 .text.memset   0x00180ea3        0xe e:/programs/issm/issm_2016.2.094/tools/compiler/gcc-ia/5.2.1/bin/../lib/gcc/i586-intel-elfiamcu/5.2.1/../../../../i586-intel-elfiamcu/lib\libc.a(lib_a-memset.o)
                0x00180ea3                memset
 .text._free_r  0x00180eb1       0xb9 e:/programs/issm/issm_2016.2.094/tools/compiler/gcc-ia/5.2.1/bin/../lib/gcc/i586-intel-elfiamcu/5.2.1/../../../../i586-intel-elfiamcu/lib\libc.a(lib_a-nano-freer.o)
                0x00180eb1                _free_r
 .text._malloc_r
                0x00180f6a       0xd0 e:/programs/issm/issm_2016.2.094/tools/compiler/gcc-ia/5.2.1/bin/../lib/gcc/i586-intel-elfiamcu/5.2.1/../../../../i586-intel-elfiamcu/lib\libc.a(lib_a-nano-mallocr.o)
                0x00180f6a                _malloc_r
 .text.printf   0x0018103a       0x18 e:/programs/issm/issm_2016.2.094/tools/compiler/gcc-ia/5.2.1/bin/../lib/gcc/i586-intel-elfiamcu/5.2.1/../../../../i586-intel-elfiamcu/lib\libc.a(lib_a-printf.o)
                0x0018103a                iprintf
                0x0018103a                printf
 .text.sprintf  0x00181052       0x4e e:/programs/issm/issm_2016.2.094/tools/compiler/gcc-ia/5.2.1/bin/../lib/gcc/i586-intel-elfiamcu/5.2.1/../../../../i586-intel-elfiamcu/lib\libc.a(lib_a-sprintf.o)
                0x00181052                siprintf
                0x00181052                sprintf
 .text.strcat   0x001810a0       0x1e e:/programs/issm/issm_2016.2.094/tools/compiler/gcc-ia/5.2.1/bin/../lib/gcc/i586-intel-elfiamcu/5.2.1/../../../../i586-intel-elfiamcu/lib\libc.a(lib_a-strcat.o)
                0x001810a0                strcat
 .text.strlen   0x001810be       0x1d e:/programs/issm/issm_2016.2.094/tools/compiler/gcc-ia/5.2.1/bin/../lib/gcc/i586-intel-elfiamcu/5.2.1/../../../../i586-intel-elfiamcu/lib\libc.a(lib_a-strlen.o)
                0x001810be                strlen
 .text.__ssputs_r
                0x001810db       0xe8 e:/programs/issm/issm_2016.2.094/tools/compiler/gcc-ia/5.2.1/bin/../lib/gcc/i586-intel-elfiamcu/5.2.1/../../../../i586-intel-elfiamcu/lib\libc.a(lib_a-nano-svfprintf.o)
                0x001810db                __ssputs_r
 .text._svfprintf_r
                0x001811c3      0x267 e:/programs/issm/issm_2016.2.094/tools/compiler/gcc-ia/5.2.1/bin/../lib/gcc/i586-intel-elfiamcu/5.2.1/../../../../i586-intel-elfiamcu/lib\libc.a(lib_a-nano-svfprintf.o)
                0x001811c3                _svfiprintf_r
                0x001811c3                _svfprintf_r
 .text._printf_common
                0x0018142a       0xdc e:/programs/issm/issm_2016.2.094/tools/compiler/gcc-ia/5.2.1/bin/../lib/gcc/i586-intel-elfiamcu/5.2.1/../../../../i586-intel-elfiamcu/lib\libc.a(lib_a-nano-vfprintf_i.o)
                0x0018142a                _printf_common
 .text._printf_i
                0x00181506      0x291 e:/programs/issm/issm_2016.2.094/tools/compiler/gcc-ia/5.2.1/bin/../lib/gcc/i586-intel-elfiamcu/5.2.1/../../../../i586-intel-elfiamcu/lib\libc.a(lib_a-nano-vfprintf_i.o)
                0x00181506                _printf_i
 .text.__sfputc_r
                0x00181797       0x2a e:/programs/issm/issm_2016.2.094/tools/compiler/gcc-ia/5.2.1/bin/../lib/gcc/i586-intel-elfiamcu/5.2.1/../../../../i586-intel-elfiamcu/lib\libc.a(lib_a-nano-vfprintf.o)
 .text.__sfputs_r
                0x001817c1       0x2f e:/programs/issm/issm_2016.2.094/tools/compiler/gcc-ia/5.2.1/bin/../lib/gcc/i586-intel-elfiamcu/5.2.1/../../../../i586-intel-elfiamcu/lib\libc.a(lib_a-nano-vfprintf.o)
                0x001817c1                __sfputs_r
 .text._vfprintf_r
                0x001817f0      0x290 e:/programs/issm/issm_2016.2.094/tools/compiler/gcc-ia/5.2.1/bin/../lib/gcc/i586-intel-elfiamcu/5.2.1/../../../../i586-intel-elfiamcu/lib\libc.a(lib_a-nano-vfprintf.o)
                0x001817f0                _vfprintf_r
                0x001817f0                _vfiprintf_r
 .text.__swbuf_r
                0x00181a80       0x8e e:/programs/issm/issm_2016.2.094/tools/compiler/gcc-ia/5.2.1/bin/../lib/gcc/i586-intel-elfiamcu/5.2.1/../../../../i586-intel-elfiamcu/lib\libc.a(lib_a-wbuf.o)
                0x00181a80                __swbuf_r
 .text.__swsetup_r
                0x00181b0e       0xc9 e:/programs/issm/issm_2016.2.094/tools/compiler/gcc-ia/5.2.1/bin/../lib/gcc/i586-intel-elfiamcu/5.2.1/../../../../i586-intel-elfiamcu/lib\libc.a(lib_a-wsetup.o)
                0x00181b0e                __swsetup_r
 .text.__sflush_r
                0x00181bd7      0x123 e:/programs/issm/issm_2016.2.094/tools/compiler/gcc-ia/5.2.1/bin/../lib/gcc/i586-intel-elfiamcu/5.2.1/../../../../i586-intel-elfiamcu/lib\libc.a(lib_a-fflush.o)
                0x00181bd7                __sflush_r
 .text._fflush_r
                0x00181cfa       0x2e e:/programs/issm/issm_2016.2.094/tools/compiler/gcc-ia/5.2.1/bin/../lib/gcc/i586-intel-elfiamcu/5.2.1/../../../../i586-intel-elfiamcu/lib\libc.a(lib_a-fflush.o)
                0x00181cfa                _fflush_r
 .text._cleanup_r
                0x00181d28        0xa e:/programs/issm/issm_2016.2.094/tools/compiler/gcc-ia/5.2.1/bin/../lib/gcc/i586-intel-elfiamcu/5.2.1/../../../../i586-intel-elfiamcu/lib\libc.a(lib_a-findfp.o)
                0x00181d28                _cleanup_r
 .text.std.isra.0
                0x00181d32       0x6b e:/programs/issm/issm_2016.2.094/tools/compiler/gcc-ia/5.2.1/bin/../lib/gcc/i586-intel-elfiamcu/5.2.1/../../../../i586-intel-elfiamcu/lib\libc.a(lib_a-findfp.o)
 .text.__sinit  0x00181d9d       0x6c e:/programs/issm/issm_2016.2.094/tools/compiler/gcc-ia/5.2.1/bin/../lib/gcc/i586-intel-elfiamcu/5.2.1/../../../../i586-intel-elfiamcu/lib\libc.a(lib_a-findfp.o)
                0x00181d9d                __sinit
 .text._fwalk_reent
                0x00181e09       0x56 e:/programs/issm/issm_2016.2.094/tools/compiler/gcc-ia/5.2.1/bin/../lib/gcc/i586-intel-elfiamcu/5.2.1/../../../../i586-intel-elfiamcu/lib\libc.a(lib_a-fwalk.o)
                0x00181e09                _fwalk_reent
 .text.__smakebuf_r
                0x00181e5f       0xca e:/programs/issm/issm_2016.2.094/tools/compiler/gcc-ia/5.2.1/bin/../lib/gcc/i586-intel-elfiamcu/5.2.1/../../../../i586-intel-elfiamcu/lib\libc.a(lib_a-makebuf.o)
                0x00181e5f                __smakebuf_r
 .text.memchr   0x00181f29       0x18 e:/programs/issm/issm_2016.2.094/tools/compiler/gcc-ia/5.2.1/bin/../lib/gcc/i586-intel-elfiamcu/5.2.1/../../../../i586-intel-elfiamcu/lib\libc.a(lib_a-memchr.o)
                0x00181f29                memchr
 .text.memmove  0x00181f41       0x20 e:/programs/issm/issm_2016.2.094/tools/compiler/gcc-ia/5.2.1/bin/../lib/gcc/i586-intel-elfiamcu/5.2.1/../../../../i586-intel-elfiamcu/lib\libc.a(lib_a-memmove.o)
                0x00181f41                memmove
 .text._realloc_r
                0x00181f61       0x57 e:/programs/issm/issm_2016.2.094/tools/compiler/gcc-ia/5.2.1/bin/../lib/gcc/i586-intel-elfiamcu/5.2.1/../../../../i586-intel-elfiamcu/lib\libc.a(lib_a-nano-reallocr.o)
                0x00181f61                _realloc_r
 .text.__sread  0x00181fb8       0x23 e:/programs/issm/issm_2016.2.094/tools/compiler/gcc-ia/5.2.1/bin/../lib/gcc/i586-intel-elfiamcu/5.2.1/../../../../i586-intel-elfiamcu/lib\libc.a(lib_a-stdio.o)
                0x00181fb8                __sread
 .text.__swrite
                0x00181fdb       0x37 e:/programs/issm/issm_2016.2.094/tools/compiler/gcc-ia/5.2.1/bin/../lib/gcc/i586-intel-elfiamcu/5.2.1/../../../../i586-intel-elfiamcu/lib\libc.a(lib_a-stdio.o)
                0x00181fdb                __swrite
 .text.__sseek  0x00182012       0x2a e:/programs/issm/issm_2016.2.094/tools/compiler/gcc-ia/5.2.1/bin/../lib/gcc/i586-intel-elfiamcu/5.2.1/../../../../i586-intel-elfiamcu/lib\libc.a(lib_a-stdio.o)
                0x00182012                __sseek
 .text.__sclose
                0x0018203c        0x9 e:/programs/issm/issm_2016.2.094/tools/compiler/gcc-ia/5.2.1/bin/../lib/gcc/i586-intel-elfiamcu/5.2.1/../../../../i586-intel-elfiamcu/lib\libc.a(lib_a-stdio.o)
                0x0018203c                __sclose
 .text._malloc_usable_size_r
                0x00182045       0x12 e:/programs/issm/issm_2016.2.094/tools/compiler/gcc-ia/5.2.1/bin/../lib/gcc/i586-intel-elfiamcu/5.2.1/../../../../i586-intel-elfiamcu/lib\libc.a(lib_a-nano-msizer.o)
                0x00182045                _malloc_usable_size_r
 .text.setup_seq_table
                0x00182057       0xd6 ./bsp/build/debug/quark_d2000/x86/libqmsi/lib\libqmsi_quark_d2000_1.4.0d.a(qm_adc.o)
 .text.qm_adc_calibrate
                0x0018212d       0x8d ./bsp/build/debug/quark_d2000/x86/libqmsi/lib\libqmsi_quark_d2000_1.4.0d.a(qm_adc.o)
                0x0018212d                qm_adc_calibrate
 .text.qm_adc_set_mode
                0x001821ba      0x11d ./bsp/build/debug/quark_d2000/x86/libqmsi/lib\libqmsi_quark_d2000_1.4.0d.a(qm_adc.o)
                0x001821ba                qm_adc_set_mode
 .text.qm_adc_set_config
                0x001822d7       0x7d ./bsp/build/debug/quark_d2000/x86/libqmsi/lib\libqmsi_quark_d2000_1.4.0d.a(qm_adc.o)
                0x001822d7                qm_adc_set_config
 .text.qm_adc_convert
                0x00182354      0x1a9 ./bsp/build/debug/quark_d2000/x86/libqmsi/lib\libqmsi_quark_d2000_1.4.0d.a(qm_adc.o)
                0x00182354                qm_adc_convert
 .text.pin_to_register
                0x001824fd       0x27 ./bsp/build/debug/quark_d2000/x86/libqmsi/lib\libqmsi_quark_d2000_1.4.0d.a(qm_pinmux.o)
 .text.pin_to_offset
                0x00182524       0x2d ./bsp/build/debug/quark_d2000/x86/libqmsi/lib\libqmsi_quark_d2000_1.4.0d.a(qm_pinmux.o)
 .text.qm_pmux_select
                0x00182551       0xb6 ./bsp/build/debug/quark_d2000/x86/libqmsi/lib\libqmsi_quark_d2000_1.4.0d.a(qm_pinmux.o)
                0x00182551                qm_pmux_select
 .text.qm_pmux_input_en
                0x00182607       0x9b ./bsp/build/debug/quark_d2000/x86/libqmsi/lib\libqmsi_quark_d2000_1.4.0d.a(qm_pinmux.o)
                0x00182607                qm_pmux_input_en
 .text.qm_uart_set_config
                0x001826a2       0xe4 ./bsp/build/debug/quark_d2000/x86/libqmsi/lib\libqmsi_quark_d2000_1.4.0d.a(qm_uart.o)
                0x001826a2                qm_uart_set_config
 .text.qm_uart_read_non_block
                0x00182786       0x46 ./bsp/build/debug/quark_d2000/x86/libqmsi/lib\libqmsi_quark_d2000_1.4.0d.a(qm_uart.o)
                0x00182786                qm_uart_read_non_block
 .text.qm_uart_write_buffer
                0x001827cc       0x7e ./bsp/build/debug/quark_d2000/x86/libqmsi/lib\libqmsi_quark_d2000_1.4.0d.a(qm_uart.o)
                0x001827cc                qm_uart_write_buffer

.iplt           0x00182850        0x0
 .iplt          0x00182850        0x0 ./debug/quark_d2000/x86/obj/./main.o

.rodata         0x0018284c      0x129
 *(.rdata*)
 *(.rodata*)
 .rodata.hex_map
                0x0018284c       0x10 ./debug/quark_d2000/x86/obj/./rn2483.o
                0x0018284c                hex_map
 .rodata        0x0018285c       0xd2 ./debug/quark_d2000/x86/obj/./rn2483.o
 *fill*         0x0018292e        0x2 
 .rodata        0x00182930       0x10 ./debug/quark_d2000/x86/obj/./sensors.o
 .rodata.str1.1
                0x00182940        0x2 e:/programs/issm/issm_2016.2.094/tools/compiler/gcc-ia/5.2.1/bin/../lib/gcc/i586-intel-elfiamcu/5.2.1/../../../../i586-intel-elfiamcu/lib\libc.a(lib_a-impure.o)
 .rodata.str1.1
                0x00182942       0x11 e:/programs/issm/issm_2016.2.094/tools/compiler/gcc-ia/5.2.1/bin/../lib/gcc/i586-intel-elfiamcu/5.2.1/../../../../i586-intel-elfiamcu/lib\libc.a(lib_a-nano-svfprintf.o)
 .rodata.str1.1
                0x00182953       0x22 e:/programs/issm/issm_2016.2.094/tools/compiler/gcc-ia/5.2.1/bin/../lib/gcc/i586-intel-elfiamcu/5.2.1/../../../../i586-intel-elfiamcu/lib\libc.a(lib_a-nano-vfprintf_i.o)
 .rodata.str1.1
                0x00182975       0x11 e:/programs/issm/issm_2016.2.094/tools/compiler/gcc-ia/5.2.1/bin/../lib/gcc/i586-intel-elfiamcu/5.2.1/../../../../i586-intel-elfiamcu/lib\libc.a(lib_a-nano-vfprintf.o)

.rel.dyn        0x00182978        0x0
 .rel.iplt      0x00182978        0x0 ./debug/quark_d2000/x86/obj/./main.o
 .rel.text.init
                0x00182978        0x0 ./debug/quark_d2000/x86/obj/./main.o
 .rel.text.main
                0x00182978        0x0 ./debug/quark_d2000/x86/obj/./main.o
 .rel.text.init_pmux
                0x00182978        0x0 ./debug/quark_d2000/x86/obj/./main.o
 .rel.text.init_cfg
                0x00182978        0x0 ./debug/quark_d2000/x86/obj/./main.o
 .rel.text.init_mac
                0x00182978        0x0 ./debug/quark_d2000/x86/obj/./main.o
 .rel.text.RN2483_write
                0x00182978        0x0 ./debug/quark_d2000/x86/obj/./main.o
 .rel.text.RN2483_join
                0x00182978        0x0 ./debug/quark_d2000/x86/obj/./main.o
 .rel.text.RN2483_tx
                0x00182978        0x0 ./debug/quark_d2000/x86/obj/./main.o
 .rel.text.analog_to_distance
                0x00182978        0x0 ./debug/quark_d2000/x86/obj/./main.o
 .rel.text.SENSORS_init
                0x00182978        0x0 ./debug/quark_d2000/x86/obj/./main.o
 .rel.text.SENSORS_read
                0x00182978        0x0 ./debug/quark_d2000/x86/obj/./main.o
 .rel.text.entry
                0x00182978        0x0 ./debug/quark_d2000/x86/obj/./main.o
 .rel.text.pico_putchar
                0x00182978        0x0 ./debug/quark_d2000/x86/obj/./main.o
 .rel.text.stdout_uart_setup
                0x00182978        0x0 ./debug/quark_d2000/x86/obj/./main.o
 .rel.text.puts
                0x00182978        0x0 ./debug/quark_d2000/x86/obj/./main.o
 .rel.text.__assert_func
                0x00182978        0x0 ./debug/quark_d2000/x86/obj/./main.o
 .rel.text.close
                0x00182978        0x0 ./debug/quark_d2000/x86/obj/./main.o
 .rel.text.isatty
                0x00182978        0x0 ./debug/quark_d2000/x86/obj/./main.o
 .rel.text.read
                0x00182978        0x0 ./debug/quark_d2000/x86/obj/./main.o
 .rel.text.write
                0x00182978        0x0 ./debug/quark_d2000/x86/obj/./main.o
 .rel.text.lseek
                0x00182978        0x0 ./debug/quark_d2000/x86/obj/./main.o
 .rel.text.fstat
                0x00182978        0x0 ./debug/quark_d2000/x86/obj/./main.o
 .rel.text.sbrk
                0x00182978        0x0 ./debug/quark_d2000/x86/obj/./main.o
 .rel.data.prog_break.3390
                0x00182978        0x0 ./debug/quark_d2000/x86/obj/./main.o
 .rel.text.apply_flash_timings
                0x00182978        0x0 ./debug/quark_d2000/x86/obj/./main.o
 .rel.text.clear_all_pending_interrupts
                0x00182978        0x0 ./debug/quark_d2000/x86/obj/./main.o
 .rel.text.qm_power_soc_sleep
                0x00182978        0x0 ./debug/quark_d2000/x86/obj/./main.o
 .rel.text.qm_power_soc_sleep_restore
                0x00182978        0x0 ./debug/quark_d2000/x86/obj/./main.o
 .rel.text.qm_power_soc_deep_sleep
                0x00182978        0x0 ./debug/quark_d2000/x86/obj/./main.o
 .rel.text.qm_power_soc_deep_sleep_restore
                0x00182978        0x0 ./debug/quark_d2000/x86/obj/./main.o
 .rel.text.__errno
                0x00182978        0x0 ./debug/quark_d2000/x86/obj/./main.o
 .rel.text.malloc
                0x00182978        0x0 ./debug/quark_d2000/x86/obj/./main.o
 .rel.text.free
                0x00182978        0x0 ./debug/quark_d2000/x86/obj/./main.o
 .rel.text._free_r
                0x00182978        0x0 ./debug/quark_d2000/x86/obj/./main.o
 .rel.text._printf_r
                0x00182978        0x0 ./debug/quark_d2000/x86/obj/./main.o
 .rel.text.printf
                0x00182978        0x0 ./debug/quark_d2000/x86/obj/./main.o
 .rel.text._sprintf_r
                0x00182978        0x0 ./debug/quark_d2000/x86/obj/./main.o
 .rel.text.sprintf
                0x00182978        0x0 ./debug/quark_d2000/x86/obj/./main.o
 .rel.text.__ssputs_r
                0x00182978        0x0 ./debug/quark_d2000/x86/obj/./main.o
 .rel.text.__ssprint_r
                0x00182978        0x0 ./debug/quark_d2000/x86/obj/./main.o
 .rel.text._svfprintf_r
                0x00182978        0x0 ./debug/quark_d2000/x86/obj/./main.o
 .rel.text._printf_i
                0x00182978        0x0 ./debug/quark_d2000/x86/obj/./main.o
 .rel.text.__sfputc_r
                0x00182978        0x0 ./debug/quark_d2000/x86/obj/./main.o
 .rel.text.__sprint_r
                0x00182978        0x0 ./debug/quark_d2000/x86/obj/./main.o
 .rel.text._vfprintf_r
                0x00182978        0x0 ./debug/quark_d2000/x86/obj/./main.o
 .rel.text.__swbuf_r
                0x00182978        0x0 ./debug/quark_d2000/x86/obj/./main.o
 .rel.text.__swsetup_r
                0x00182978        0x0 ./debug/quark_d2000/x86/obj/./main.o
 .rel.text._fflush_r
                0x00182978        0x0 ./debug/quark_d2000/x86/obj/./main.o
 .rel.text.fflush
                0x00182978        0x0 ./debug/quark_d2000/x86/obj/./main.o
 .rel.text._cleanup_r
                0x00182978        0x0 ./debug/quark_d2000/x86/obj/./main.o
 .rel.text.std.isra.0
                0x00182978        0x0 ./debug/quark_d2000/x86/obj/./main.o
 .rel.text.__sfvwrite_r
                0x00182978        0x0 ./debug/quark_d2000/x86/obj/./main.o
 .rel.text._realloc_r
                0x00182978        0x0 ./debug/quark_d2000/x86/obj/./main.o
 .rel.text.idt_set_intr_gate_desc
                0x00182978        0x0 ./debug/quark_d2000/x86/obj/./main.o
 .rel.text.qm_uart_dma_channel_config
                0x00182978        0x0 ./debug/quark_d2000/x86/obj/./main.o
 .rel.text.qm_uart_dma_write
                0x00182978        0x0 ./debug/quark_d2000/x86/obj/./main.o
 .rel.text.qm_uart_dma_read
                0x00182978        0x0 ./debug/quark_d2000/x86/obj/./main.o
 .rel.text.qm_uart_dma_write_terminate
                0x00182978        0x0 ./debug/quark_d2000/x86/obj/./main.o
 .rel.text.qm_uart_dma_read_terminate
                0x00182978        0x0 ./debug/quark_d2000/x86/obj/./main.o

.data           0x00280000      0x2cc load address 0x00182975
 *(.data*)
 .data.PORT     0x00280000        0x4 ./debug/quark_d2000/x86/obj/./rn2483.o
                0x00280000                PORT
 .data.prog_break.3390
                0x00280004        0x4 ./debug/quark_d2000/x86/obj/./newlib-syscalls.o
 .data.ticks_per_us
                0x00280008        0x4 ./bsp/soc/quark_d2000/debug/quark_d2000/x86/obj/clk.o
 *fill*         0x0028000c       0x14 
 .data          0x00280020      0x2a4 e:/programs/issm/issm_2016.2.094/tools/compiler/gcc-ia/5.2.1/bin/../lib/gcc/i586-intel-elfiamcu/5.2.1/../../../../i586-intel-elfiamcu/lib\libc.a(lib_a-impure.o)
                0x00280020                _impure_ptr
 .data.qm_uart  0x002802c4        0x8 ./bsp/build/debug/quark_d2000/x86/libqmsi/lib\libqmsi_quark_d2000_1.4.0d.a(qm_uart.o)
                0x002802c4                qm_uart

.igot.plt       0x002802cc        0x0 load address 0x00182c41
 .igot.plt      0x002802cc        0x0 ./debug/quark_d2000/x86/obj/./main.o

.bss            0x002802e0       0x98
 *(.bss*)
 .bss.sensor_readings
                0x002802e0        0x4 ./debug/quark_d2000/x86/obj/./main.o
                0x002802e0                sensor_readings
 .bss.dummy_data
                0x002802e4        0x1 ./debug/quark_d2000/x86/obj/./quark_uart.o
 *fill*         0x002802e5        0x3 
 .bss.cfg       0x002802e8        0xc ./debug/quark_d2000/x86/obj/./quark_uart.o
 *fill*         0x002802f4        0xc 
 .bss.samples_polled
                0x00280300       0x32 ./debug/quark_d2000/x86/obj/./sensors.o
                0x00280300                samples_polled
 *fill*         0x00280332        0x2 
 .bss.stdout_uart_cfg
                0x00280334        0xc ./debug/quark_d2000/x86/obj/./newlib-syscalls.o
 .bss           0x00280340        0x8 e:/programs/issm/issm_2016.2.094/tools/compiler/gcc-ia/5.2.1/bin/../lib/gcc/i586-intel-elfiamcu/5.2.1/../../../../i586-intel-elfiamcu/lib\libc.a(lib_a-nano-mallocr.o)
                0x00280340                __malloc_sbrk_start
                0x00280344                __malloc_free_list
 .bss.sample_window
                0x00280348        0x1 ./bsp/build/debug/quark_d2000/x86/libqmsi/lib\libqmsi_quark_d2000_1.4.0d.a(qm_adc.o)
 *fill*         0x00280349        0x3 
 .bss.resolution
                0x0028034c        0x4 ./bsp/build/debug/quark_d2000/x86/libqmsi/lib\libqmsi_quark_d2000_1.4.0d.a(qm_adc.o)
 *(COMMON)
 COMMON         0x00280350        0x4 ./debug/quark_d2000/x86/obj/./main.o
                0x00280350                tx_count
 COMMON         0x00280354       0x24 ./debug/quark_d2000/x86/obj/./sensors.o
                0x00280354                transfer
                0x0028036c                distance
                0x00280370                cfg
                0x00182975                __data_lma = LOADADDR (.data)
                0x00280000                __data_vma = ADDR (.data)
                0x000002cc                __data_size = SIZEOF (.data)
                0x002802e0                __bss_start = ADDR (.bss)
                0x00000098                __bss_size = SIZEOF (.bss)
                0x00280378                __heap = .
                0x00281a60                __heap_end = ORIGIN (stack)

.comment        0x00000000       0x6e
 *(.comment)
 .comment       0x00000000       0x6e ./debug/quark_d2000/x86/obj/./main.o
                                 0x6f (size before relaxing)
 .comment       0x0000006e       0x6f ./debug/quark_d2000/x86/obj/./quark_uart.o
 .comment       0x0000006e       0x6f ./debug/quark_d2000/x86/obj/./rn2483.o
 .comment       0x0000006e       0x6f ./debug/quark_d2000/x86/obj/./sensors.o
 .comment       0x0000006e       0x6f ./debug/quark_d2000/x86/obj/./app_entry.o
 .comment       0x0000006e       0x6f ./debug/quark_d2000/x86/obj/./newlib-syscalls.o
 .comment       0x0000006e       0x6f ./bsp/soc/quark_d2000/debug/quark_d2000/x86/obj/clk.o
 .comment       0x0000006e       0x6f e:/programs/issm/issm_2016.2.094/tools/compiler/gcc-ia/5.2.1/bin/../lib/gcc/i586-intel-elfiamcu/5.2.1/../../../../i586-intel-elfiamcu/lib\libc.a(lib_a-errno.o)
 .comment       0x0000006e       0x6f e:/programs/issm/issm_2016.2.094/tools/compiler/gcc-ia/5.2.1/bin/../lib/gcc/i586-intel-elfiamcu/5.2.1/../../../../i586-intel-elfiamcu/lib\libc.a(lib_a-impure.o)
 .comment       0x0000006e       0x6f e:/programs/issm/issm_2016.2.094/tools/compiler/gcc-ia/5.2.1/bin/../lib/gcc/i586-intel-elfiamcu/5.2.1/../../../../i586-intel-elfiamcu/lib\libc.a(lib_a-malloc.o)
 .comment       0x0000006e       0x6f e:/programs/issm/issm_2016.2.094/tools/compiler/gcc-ia/5.2.1/bin/../lib/gcc/i586-intel-elfiamcu/5.2.1/../../../../i586-intel-elfiamcu/lib\libc.a(lib_a-nano-freer.o)
 .comment       0x0000006e       0x6f e:/programs/issm/issm_2016.2.094/tools/compiler/gcc-ia/5.2.1/bin/../lib/gcc/i586-intel-elfiamcu/5.2.1/../../../../i586-intel-elfiamcu/lib\libc.a(lib_a-nano-mallocr.o)
 .comment       0x0000006e       0x6f e:/programs/issm/issm_2016.2.094/tools/compiler/gcc-ia/5.2.1/bin/../lib/gcc/i586-intel-elfiamcu/5.2.1/../../../../i586-intel-elfiamcu/lib\libc.a(lib_a-printf.o)
 .comment       0x0000006e       0x6f e:/programs/issm/issm_2016.2.094/tools/compiler/gcc-ia/5.2.1/bin/../lib/gcc/i586-intel-elfiamcu/5.2.1/../../../../i586-intel-elfiamcu/lib\libc.a(lib_a-sprintf.o)
 .comment       0x0000006e       0x6f e:/programs/issm/issm_2016.2.094/tools/compiler/gcc-ia/5.2.1/bin/../lib/gcc/i586-intel-elfiamcu/5.2.1/../../../../i586-intel-elfiamcu/lib\libc.a(lib_a-strcat.o)
 .comment       0x0000006e       0x6f e:/programs/issm/issm_2016.2.094/tools/compiler/gcc-ia/5.2.1/bin/../lib/gcc/i586-intel-elfiamcu/5.2.1/../../../../i586-intel-elfiamcu/lib\libc.a(lib_a-nano-svfprintf.o)
 .comment       0x0000006e       0x6f e:/programs/issm/issm_2016.2.094/tools/compiler/gcc-ia/5.2.1/bin/../lib/gcc/i586-intel-elfiamcu/5.2.1/../../../../i586-intel-elfiamcu/lib\libc.a(lib_a-nano-vfprintf_i.o)
 .comment       0x0000006e       0x6f e:/programs/issm/issm_2016.2.094/tools/compiler/gcc-ia/5.2.1/bin/../lib/gcc/i586-intel-elfiamcu/5.2.1/../../../../i586-intel-elfiamcu/lib\libc.a(lib_a-nano-vfprintf.o)
 .comment       0x0000006e       0x6f e:/programs/issm/issm_2016.2.094/tools/compiler/gcc-ia/5.2.1/bin/../lib/gcc/i586-intel-elfiamcu/5.2.1/../../../../i586-intel-elfiamcu/lib\libc.a(lib_a-wbuf.o)
 .comment       0x0000006e       0x6f e:/programs/issm/issm_2016.2.094/tools/compiler/gcc-ia/5.2.1/bin/../lib/gcc/i586-intel-elfiamcu/5.2.1/../../../../i586-intel-elfiamcu/lib\libc.a(lib_a-wsetup.o)
 .comment       0x0000006e       0x6f e:/programs/issm/issm_2016.2.094/tools/compiler/gcc-ia/5.2.1/bin/../lib/gcc/i586-intel-elfiamcu/5.2.1/../../../../i586-intel-elfiamcu/lib\libc.a(lib_a-fflush.o)
 .comment       0x0000006e       0x6f e:/programs/issm/issm_2016.2.094/tools/compiler/gcc-ia/5.2.1/bin/../lib/gcc/i586-intel-elfiamcu/5.2.1/../../../../i586-intel-elfiamcu/lib\libc.a(lib_a-findfp.o)
 .comment       0x0000006e       0x6f e:/programs/issm/issm_2016.2.094/tools/compiler/gcc-ia/5.2.1/bin/../lib/gcc/i586-intel-elfiamcu/5.2.1/../../../../i586-intel-elfiamcu/lib\libc.a(lib_a-fwalk.o)
 .comment       0x0000006e       0x6f e:/programs/issm/issm_2016.2.094/tools/compiler/gcc-ia/5.2.1/bin/../lib/gcc/i586-intel-elfiamcu/5.2.1/../../../../i586-intel-elfiamcu/lib\libc.a(lib_a-makebuf.o)
 .comment       0x0000006e       0x6f e:/programs/issm/issm_2016.2.094/tools/compiler/gcc-ia/5.2.1/bin/../lib/gcc/i586-intel-elfiamcu/5.2.1/../../../../i586-intel-elfiamcu/lib\libc.a(lib_a-nano-reallocr.o)
 .comment       0x0000006e       0x6f e:/programs/issm/issm_2016.2.094/tools/compiler/gcc-ia/5.2.1/bin/../lib/gcc/i586-intel-elfiamcu/5.2.1/../../../../i586-intel-elfiamcu/lib\libc.a(lib_a-stdio.o)
 .comment       0x0000006e       0x6f e:/programs/issm/issm_2016.2.094/tools/compiler/gcc-ia/5.2.1/bin/../lib/gcc/i586-intel-elfiamcu/5.2.1/../../../../i586-intel-elfiamcu/lib\libc.a(lib_a-nano-msizer.o)
 .comment       0x0000006e       0x6f ./bsp/build/debug/quark_d2000/x86/libqmsi/lib\libqmsi_quark_d2000_1.4.0d.a(qm_adc.o)
 .comment       0x0000006e       0x6f ./bsp/build/debug/quark_d2000/x86/libqmsi/lib\libqmsi_quark_d2000_1.4.0d.a(qm_pinmux.o)
 .comment       0x0000006e       0x6f ./bsp/build/debug/quark_d2000/x86/libqmsi/lib\libqmsi_quark_d2000_1.4.0d.a(qm_uart.o)
LOAD ./debug/quark_d2000/x86/obj/./main.o
LOAD ./debug/quark_d2000/x86/obj/./quark_uart.o
LOAD ./debug/quark_d2000/x86/obj/./rn2483.o
LOAD ./debug/quark_d2000/x86/obj/./sensors.o
LOAD ./debug/quark_d2000/x86/obj/./app_entry.o
LOAD ./debug/quark_d2000/x86/obj/./newlib-syscalls.o
LOAD ./bsp/soc/quark_d2000/debug/quark_d2000/x86/obj/clk.o
LOAD ./bsp/soc/quark_d2000/debug/quark_d2000/x86/obj/power_states.o
LOAD ./bsp/soc/quark_d2000/debug/quark_d2000/x86/obj/qm_interrupt_router.o
START GROUP
LOAD e:/programs/issm/issm_2016.2.094/tools/compiler/gcc-ia/5.2.1/bin/../lib/gcc/i586-intel-elfiamcu/5.2.1/../../../../i586-intel-elfiamcu/lib\libc.a
LOAD e:/programs/issm/issm_2016.2.094/tools/compiler/gcc-ia/5.2.1/bin/../lib/gcc/i586-intel-elfiamcu/5.2.1/../../../../i586-intel-elfiamcu/lib\libnosys.a
LOAD e:/programs/issm/issm_2016.2.094/tools/compiler/gcc-ia/5.2.1/bin/../lib/gcc/i586-intel-elfiamcu/5.2.1/../../../../i586-intel-elfiamcu/lib\libsoftfp.a
LOAD e:/programs/issm/issm_2016.2.094/tools/compiler/gcc-ia/5.2.1/bin/../lib/gcc/i586-intel-elfiamcu/5.2.1\libgcc.a
LOAD ./bsp/build/debug/quark_d2000/x86/libqmsi/lib\libqmsi_quark_d2000_1.4.0d.a
END GROUP
OUTPUT(./debug/quark_d2000/x86/obj/LoRa_RN2483.elf elf32-iamcu)

.note.GNU-stack
                0x00000000        0x0
 .note.GNU-stack
                0x00000000        0x0 e:/programs/issm/issm_2016.2.094/tools/compiler/gcc-ia/5.2.1/bin/../lib/gcc/i586-intel-elfiamcu/5.2.1/../../../../i586-intel-elfiamcu/lib\libsoftfp.a(mulsf3.o)
 .note.GNU-stack
                0x00000000        0x0 e:/programs/issm/issm_2016.2.094/tools/compiler/gcc-ia/5.2.1/bin/../lib/gcc/i586-intel-elfiamcu/5.2.1/../../../../i586-intel-elfiamcu/lib\libsoftfp.a(divsf3.o)
 .note.GNU-stack
                0x00000000        0x0 e:/programs/issm/issm_2016.2.094/tools/compiler/gcc-ia/5.2.1/bin/../lib/gcc/i586-intel-elfiamcu/5.2.1/../../../../i586-intel-elfiamcu/lib\libsoftfp.a(muldf3.o)
 .note.GNU-stack
                0x00000000        0x0 e:/programs/issm/issm_2016.2.094/tools/compiler/gcc-ia/5.2.1/bin/../lib/gcc/i586-intel-elfiamcu/5.2.1/../../../../i586-intel-elfiamcu/lib\libsoftfp.a(fixsfsi.o)
 .note.GNU-stack
                0x00000000        0x0 e:/programs/issm/issm_2016.2.094/tools/compiler/gcc-ia/5.2.1/bin/../lib/gcc/i586-intel-elfiamcu/5.2.1/../../../../i586-intel-elfiamcu/lib\libsoftfp.a(floatunsisf.o)
 .note.GNU-stack
                0x00000000        0x0 e:/programs/issm/issm_2016.2.094/tools/compiler/gcc-ia/5.2.1/bin/../lib/gcc/i586-intel-elfiamcu/5.2.1/../../../../i586-intel-elfiamcu/lib\libsoftfp.a(extendsfdf2.o)
 .note.GNU-stack
                0x00000000        0x0 e:/programs/issm/issm_2016.2.094/tools/compiler/gcc-ia/5.2.1/bin/../lib/gcc/i586-intel-elfiamcu/5.2.1/../../../../i586-intel-elfiamcu/lib\libsoftfp.a(truncdfsf2.o)

.debug_info     0x00000000     0x4a07
 .debug_info    0x00000000      0x21e ./debug/quark_d2000/x86/obj/./main.o
 .debug_info    0x0000021e      0x3f5 ./debug/quark_d2000/x86/obj/./quark_uart.o
 .debug_info    0x00000613      0x374 ./debug/quark_d2000/x86/obj/./rn2483.o
 .debug_info    0x00000987      0x7d3 ./debug/quark_d2000/x86/obj/./sensors.o
 .debug_info    0x0000115a      0x131 ./debug/quark_d2000/x86/obj/./app_entry.o
 .debug_info    0x0000128b      0xa75 ./debug/quark_d2000/x86/obj/./newlib-syscalls.o
 .debug_info    0x00001d00      0xa4d ./bsp/soc/quark_d2000/debug/quark_d2000/x86/obj/clk.o
 .debug_info    0x0000274d      0xb10 ./bsp/build/debug/quark_d2000/x86/libqmsi/lib\libqmsi_quark_d2000_1.4.0d.a(qm_adc.o)
 .debug_info    0x0000325d      0x499 ./bsp/build/debug/quark_d2000/x86/libqmsi/lib\libqmsi_quark_d2000_1.4.0d.a(qm_pinmux.o)
 .debug_info    0x000036f6     0x1311 ./bsp/build/debug/quark_d2000/x86/libqmsi/lib\libqmsi_quark_d2000_1.4.0d.a(qm_uart.o)

.debug_abbrev   0x00000000      0xf17
 .debug_abbrev  0x00000000       0x9d ./debug/quark_d2000/x86/obj/./main.o
 .debug_abbrev  0x0000009d       0xd8 ./debug/quark_d2000/x86/obj/./quark_uart.o
 .debug_abbrev  0x00000175      0x129 ./debug/quark_d2000/x86/obj/./rn2483.o
 .debug_abbrev  0x0000029e      0x19e ./debug/quark_d2000/x86/obj/./sensors.o
 .debug_abbrev  0x0000043c       0x73 ./debug/quark_d2000/x86/obj/./app_entry.o
 .debug_abbrev  0x000004af      0x20d ./debug/quark_d2000/x86/obj/./newlib-syscalls.o
 .debug_abbrev  0x000006bc      0x25f ./bsp/soc/quark_d2000/debug/quark_d2000/x86/obj/clk.o
 .debug_abbrev  0x0000091b      0x23c ./bsp/build/debug/quark_d2000/x86/libqmsi/lib\libqmsi_quark_d2000_1.4.0d.a(qm_adc.o)
 .debug_abbrev  0x00000b57      0x124 ./bsp/build/debug/quark_d2000/x86/libqmsi/lib\libqmsi_quark_d2000_1.4.0d.a(qm_pinmux.o)
 .debug_abbrev  0x00000c7b      0x29c ./bsp/build/debug/quark_d2000/x86/libqmsi/lib\libqmsi_quark_d2000_1.4.0d.a(qm_uart.o)

.debug_aranges  0x00000000      0x3e8
 .debug_aranges
                0x00000000       0x28 ./debug/quark_d2000/x86/obj/./main.o
 .debug_aranges
                0x00000028       0x38 ./debug/quark_d2000/x86/obj/./quark_uart.o
 .debug_aranges
                0x00000060       0x48 ./debug/quark_d2000/x86/obj/./rn2483.o
 .debug_aranges
                0x000000a8       0x40 ./debug/quark_d2000/x86/obj/./sensors.o
 .debug_aranges
                0x000000e8       0x20 ./debug/quark_d2000/x86/obj/./app_entry.o
 .debug_aranges
                0x00000108       0x90 ./debug/quark_d2000/x86/obj/./newlib-syscalls.o
 .debug_aranges
                0x00000198       0xa0 ./bsp/soc/quark_d2000/debug/quark_d2000/x86/obj/clk.o
 .debug_aranges
                0x00000238       0x88 ./bsp/build/debug/quark_d2000/x86/libqmsi/lib\libqmsi_quark_d2000_1.4.0d.a(qm_adc.o)
 .debug_aranges
                0x000002c0       0x48 ./bsp/build/debug/quark_d2000/x86/libqmsi/lib\libqmsi_quark_d2000_1.4.0d.a(qm_pinmux.o)
 .debug_aranges
                0x00000308       0xe0 ./bsp/build/debug/quark_d2000/x86/libqmsi/lib\libqmsi_quark_d2000_1.4.0d.a(qm_uart.o)

.debug_ranges   0x00000000      0x360
 .debug_ranges  0x00000000       0x18 ./debug/quark_d2000/x86/obj/./main.o
 .debug_ranges  0x00000018       0x28 ./debug/quark_d2000/x86/obj/./quark_uart.o
 .debug_ranges  0x00000040       0x38 ./debug/quark_d2000/x86/obj/./rn2483.o
 .debug_ranges  0x00000078       0x30 ./debug/quark_d2000/x86/obj/./sensors.o
 .debug_ranges  0x000000a8       0x10 ./debug/quark_d2000/x86/obj/./app_entry.o
 .debug_ranges  0x000000b8       0x80 ./debug/quark_d2000/x86/obj/./newlib-syscalls.o
 .debug_ranges  0x00000138       0x90 ./bsp/soc/quark_d2000/debug/quark_d2000/x86/obj/clk.o
 .debug_ranges  0x000001c8       0x78 ./bsp/build/debug/quark_d2000/x86/libqmsi/lib\libqmsi_quark_d2000_1.4.0d.a(qm_adc.o)
 .debug_ranges  0x00000240       0x38 ./bsp/build/debug/quark_d2000/x86/libqmsi/lib\libqmsi_quark_d2000_1.4.0d.a(qm_pinmux.o)
 .debug_ranges  0x00000278       0xe8 ./bsp/build/debug/quark_d2000/x86/libqmsi/lib\libqmsi_quark_d2000_1.4.0d.a(qm_uart.o)

.debug_line     0x00000000     0x1dd9
 .debug_line    0x00000000       0xa3 ./debug/quark_d2000/x86/obj/./main.o
 .debug_line    0x000000a3      0x1bb ./debug/quark_d2000/x86/obj/./quark_uart.o
 .debug_line    0x0000025e      0x1f9 ./debug/quark_d2000/x86/obj/./rn2483.o
 .debug_line    0x00000457      0x26d ./debug/quark_d2000/x86/obj/./sensors.o
 .debug_line    0x000006c4      0x1a9 ./debug/quark_d2000/x86/obj/./app_entry.o
 .debug_line    0x0000086d      0x477 ./debug/quark_d2000/x86/obj/./newlib-syscalls.o
 .debug_line    0x00000ce4      0x451 ./bsp/soc/quark_d2000/debug/quark_d2000/x86/obj/clk.o
 .debug_line    0x00001135      0x492 ./bsp/build/debug/quark_d2000/x86/libqmsi/lib\libqmsi_quark_d2000_1.4.0d.a(qm_adc.o)
 .debug_line    0x000015c7      0x21d ./bsp/build/debug/quark_d2000/x86/libqmsi/lib\libqmsi_quark_d2000_1.4.0d.a(qm_pinmux.o)
 .debug_line    0x000017e4      0x5f5 ./bsp/build/debug/quark_d2000/x86/libqmsi/lib\libqmsi_quark_d2000_1.4.0d.a(qm_uart.o)

.debug_str      0x00000000     0x235e
 .debug_str     0x00000000      0x28e ./debug/quark_d2000/x86/obj/./main.o
                                0x2cc (size before relaxing)
 .debug_str     0x0000028e      0x382 ./debug/quark_d2000/x86/obj/./quark_uart.o
                                0x628 (size before relaxing)
 .debug_str     0x00000610       0x97 ./debug/quark_d2000/x86/obj/./rn2483.o
                                0x343 (size before relaxing)
 .debug_str     0x000006a7      0x506 ./debug/quark_d2000/x86/obj/./sensors.o
                                0x995 (size before relaxing)
 .debug_str     0x00000bad       0x54 ./debug/quark_d2000/x86/obj/./app_entry.o
                                0x1f1 (size before relaxing)
 .debug_str     0x00000c01      0x209 ./debug/quark_d2000/x86/obj/./newlib-syscalls.o
                                0x9d4 (size before relaxing)
 .debug_str     0x00000e0a      0x76a ./bsp/soc/quark_d2000/debug/quark_d2000/x86/obj/clk.o
                                0xbae (size before relaxing)
 .debug_str     0x00001574      0x2fc ./bsp/build/debug/quark_d2000/x86/libqmsi/lib\libqmsi_quark_d2000_1.4.0d.a(qm_adc.o)
                                0x8df (size before relaxing)
 .debug_str     0x00001870      0x153 ./bsp/build/debug/quark_d2000/x86/libqmsi/lib\libqmsi_quark_d2000_1.4.0d.a(qm_pinmux.o)
                                0x4ba (size before relaxing)
 .debug_str     0x000019c3      0x99b ./bsp/build/debug/quark_d2000/x86/libqmsi/lib\libqmsi_quark_d2000_1.4.0d.a(qm_uart.o)
                                0xf1b (size before relaxing)

.debug_frame    0x00000000      0xd04
 .debug_frame   0x00000000       0x54 ./debug/quark_d2000/x86/obj/./main.o
 .debug_frame   0x00000054       0x94 ./debug/quark_d2000/x86/obj/./quark_uart.o
 .debug_frame   0x000000e8       0xd4 ./debug/quark_d2000/x86/obj/./rn2483.o
 .debug_frame   0x000001bc       0xb8 ./debug/quark_d2000/x86/obj/./sensors.o
 .debug_frame   0x00000274       0x2c ./debug/quark_d2000/x86/obj/./app_entry.o
 .debug_frame   0x000002a0      0x1f0 ./debug/quark_d2000/x86/obj/./newlib-syscalls.o
 .debug_frame   0x00000490      0x23c ./bsp/soc/quark_d2000/debug/quark_d2000/x86/obj/clk.o
 .debug_frame   0x000006cc      0x1fc ./bsp/build/debug/quark_d2000/x86/libqmsi/lib\libqmsi_quark_d2000_1.4.0d.a(qm_adc.o)
 .debug_frame   0x000008c8       0xdc ./bsp/build/debug/quark_d2000/x86/libqmsi/lib\libqmsi_quark_d2000_1.4.0d.a(qm_pinmux.o)
 .debug_frame   0x000009a4      0x360 ./bsp/build/debug/quark_d2000/x86/libqmsi/lib\libqmsi_quark_d2000_1.4.0d.a(qm_uart.o)
